[fenixclientmc.wordpress.com/index.html]
[backblue.gif]
[fade.gif]
[index.html]
[s0.wp.com/wp-content/blog-plugins/wordads/globalfb1f.css]
[s2.wp.com/wp-content/plugins/gutenberg-core/v14.6.1/build/block-library/blocks/navigation/style346d.css]
[fenixclientmc.wordpress.com/comments/feed/index.html]
[fenixclientmc.wordpress.com/feed/index.html]
[s0.wp.com/wp-content/themes/h4/global21a2.css]
[fenixclientmc.wordpress.com/xmlrpc0db0.php]
[fenixclientmc.wordpress.com/osd.xml]
[fenixclientmc.files.wordpress.com/2022/12/lorem-ipsum-generator-custom-placeholder-text2dff.jpg]
[0.gravatar.com/js/gprofilesf67e.js]
[s1.wp.com/wp-content/mu-plugins/gravatar-hovercards/wpgrohodc5c.js]
[fenixclientmc.wordpress.com/GET]
[s0.wp.com/wp-content/mu-plugins/actionbar/actionbar2866.css]
[s0.wp.com/wp-content/mu-plugins/actionbar/actionbarb516.js]
[stats.wp.com/w03af.js]
[fenixclientmc.wordpress.com/wp-content/plugins/ie-sitemode/custom-jumplist.php]
[pixel.wp.com/b0b80.gif]
[fenixclientmc.wordpress.com/index.html]
[s0.wp.com/wp-content/blog-plugins/wordads/globalfb1f.css]
[s2.wp.com/wp-content/plugins/gutenberg-core/v14.6.1/build/block-library/blocks/navigation/style346d.css]
[s1.wp.com/_static/indexd02a.html]
[s0.wp.com/wp-content/themes/h4/global21a2.css]
[fenixclientmc.wordpress.com/GET.html]
[s0.wp.com/wp-content/mu-plugins/actionbar/actionbar2866.css]
